// Jest Snapshot v1, https://goo.gl/fbAQLP

exports[`Test in <PokeCard/> should shown properly 1`] = `
<div
  className="card col-sm-6 mb-2 cardStyles animate__animated animate__fadeIn animate__delay-.5s"
>
  <div
    className="col-md-6"
  >
    <div
      className="cardCenter"
    >
      <Link
        to="/pokes/character/45"
      >
        <img
          alt="charizard"
          className="cardImg card-img"
          src="https://fakeUrl"
        />
      </Link>
    </div>
  </div>
  <div
    className="col-md-8"
  >
    <div
      className="card-body"
    >
      <h2
        style={
          Object {
            "textAlign": "center",
          }
        }
      >
         
        charizard
      </h2>
      <hr />
    </div>
  </div>
</div>
`;
