// Jest Snapshot v1, https://goo.gl/fbAQLP

exports[`tests in <LoadIcon/> should be shown properly 1`] = `
<div
  className="lds-dual-ring"
/>
`;
