// Jest Snapshot v1, https://goo.gl/fbAQLP

exports[`Prubas en <NavBar/> should render properly 1`] = `<Navbar />`;
